// Jest Snapshot v1, https://goo.gl/fbAQLP

exports[`Dashboard Container Should render properly 1`] = `
Object {
  "selectedAgents": Array [],
}
`;
