// Jest Snapshot v1, https://goo.gl/fbAQLP

exports[`TableContainer should initialize properly 1`] = `Object {}`;
